0.00000000
180.00000000
135.00000000
180.00000000
225.00000000
450.00000000
360.00000000
270.00000000
225.00000000
540.00000000
90.00000000
180.00000000
360.00000000
540.00000000
270.00000000
-1
0.00000000
360.00000000
180.00000000
-1
1845.00000000
104.03624347
170.53767779
180.00000000
139.57392126
170.53767779
189.46232221
90.00000000
525.29644818
80.53767779
466.26020471
