pro0 1
pro1 935
pro2 1679
pro3 1942
pro4 2472
pro5 3173
pro6 3682
pro7 4435
pro8 4692
pro9 4949
pro10 5069
pro11 5781
pro12 6133
pro13 6977
pro14 7683
pro15 7792
pro16 8186
pro17 8517
pro18 8884
pro19 9054
pro20 9987
pro21 10905
pro22 11753
pro23 12726
pro24 13595
pro25 14576
pro26 14800
pro27 15350
pro28 15943
pro29 16108
pro30 16278
pro31 16830
pro32 17258
pro33 17449
pro34 18074
pro35 18710
pro36 19631
pro37 20576
pro38 20887
pro39 21750
pro40 22235
pro41 22599
pro42 22901
pro43 23612
pro44 23849
pro45 24726
pro46 25158
pro47 26088
pro48 26486
pro49 27162
pro50 27654
pro51 27845
pro52 28190
pro53 28325
pro54 28751
pro55 29381
pro56 29412
pro57 30140
pro58 30267
pro59 31011
pro60 31346
pro61 31451
pro62 32212
pro63 32962
pro64 33583
pro65 33840
pro66 34773
pro67 35346
pro68 35960
pro69 36451
pro70 36961
pro71 37081
pro72 37487
pro73 38183
pro74 38233
pro75 38561
pro76 39281
pro77 39779
pro78 40604
pro79 41201
pro80 41851
pro81 42208
pro82 42393
pro83 42487
pro84 42733
pro85 42741
pro86 43048
pro87 43558
pro88 44313
pro89 44666
pro90 45332
pro91 46116
pro92 46855
pro93 47657
pro94 48348
pro95 48679
pro96 49017
pro97 49213
pro98 49870
pro99 50834
