1 499122176 166374059 0 565671800 0 308980395 0 565671800 0 892369952 0 247549973 0 166374060 0 624392049 0 203902097 0 293422811 0 947614962 0 247463393 0 167799576 0 56462502 0 509507086 0 481741584 0 535945330 0 128883146 0 332059229 0 289914080 0 155408555 0 888359911 0 904833245 0 368749953 0 3453945 0 694992202 0 773373544 0 495058659 0 185278999 0 10126758 0 319156225 0 549693494 0 434007005 0 829021404 0 790748811 0 405173336 0 205397248 0 738248514 0 783042817 0 119470640 0 104888550 0 555592414 0 299947194 0 770442747 0 33109029 0 835578572 0 25212850 0 919529569 0 377616162 0 409187229
