1 499122176 166374059 0 565671800 0 308980395 0 565671800 0 892369952
