320 553 325
688 896 667
683 753 592
440 621 350
391 483 473
