21234
26744
22820
27163
32520
26527
28381
28417
21670
25533
22687
29699
22283
30600
27200
28615
26434
27167
27886
29023
24297
28249
28647
23139
29701
24877
27400
23978
27546
29167
28895
26999
26790
24523
24176
29457
25339
28250
28553
26585
