120
127
140
132
129
159
167
160
115
125
146
150
136
118
159
136
141
143
136
139
159
160
148
143
111
