27009269
24624650
27705037
29165772
26650428
26019411
22670670
24850383
25910512
25589510
29339381
26390323
25057426
25102623
24537895
24950422
24788324
26600810
23974978
24947597
25276138
26761743
26135869
25219934
31466376
26227053
25023673
26050494
26180916
25973016
25222515
27427744
31952487
26562986
28333630
22870902
24023274
25212184
29015704
25660476
28248211
25815340
24691875
25274998
22216088
25911905
28490790
22884642
25901253
23994998
26650900
23003650
25353176
26093465
25445367
26391166
24209066
25503440
25006353
25955556
25711416
24732464
25837402
26209271
25819252
24245115
25024159
25984996
27481017
24847457
25856867
28438161
29395563
26289007
24923713
28227631
24395301
28071867
27151988
24815120
25849620
28946037
27624550
26424603
28542377
24184063
27286976
25177732
26715535
28941871
24955541
26824181
27496809
26274693
28627495
27171913
26895662
27378720
23838600
26525916
