-100.0000000000 400.0000000000
-96.8245836552 375.0000000000
96.8245836552 375.0000000000
100.0000000000 400.0000000000
