-550.0000000000 -500.0000000000
-550.0000000000 500.0000000000
-95.4545454545 -208.2988952253
-95.4545454545 208.2988952253
