-1.5131066607 3.6921360036
-0.9411764706 3.2352941176
1.8660478372 5.7196287023
2.0000000000 5.0000000000
