10.0000000000 -38.7298334621
10.0000000000 38.7298334621
16.6666666667 -36.3623737155
16.6666666667 36.3623737155
