-400.0000000000 0.0000000000
-240.0000000000 -320.0000000000
-240.0000000000 320.0000000000
