-188.5618083164 133.3333333333
0.0000000000 0.0000000000
188.5618083164 133.3333333333
