-27.7296776936 96.0784313725
0.0000000000 100.0000000000
27.7296776936 96.0784313725
