-24.1421356237 4.1421356237
4.1421356237 -24.1421356237
