21.5482203136 -45.1184463531
45.1184463531 -21.5482203136
