-279.1625314042 414.8111390259
-110.9711404834 487.5299026519
444.6797727835 -228.6042424742
497.1780370352 -53.0471440312
