-479.0114023140 -143.3460025712
-408.9334072857 -287.7037858730
92.2710708223 491.4123009137
243.1875509321 436.8750565913
