-500.0000000000 0.0000000000
-362.0689655172 344.8275862069
-344.8275862069 -362.0689655172
0.0000000000 -500.0000000000
