-496.3597188907 60.2248243067
-495.7352759227 -65.1654525483
158.6566242373 -474.1603901483
271.6406177671 -419.7753861044
