100.5653370778 489.7822097406
105.9032571609 488.6558094638
353.5631032892 -353.5436776306
357.3994951327 -349.6649837757
