-372.6779962500 333.3333333333
0.0000000000 500.0000000000
372.6779962500 333.3333333333
