-1001.0834365533 990.0588649926
-1001.0340231691 990.0536038644
-998.8671774260 1009.9356284661
-998.8178187689 1009.9298765117
