997.0020000000 -63.1507085946
997.0020000000 63.1507085946
999.0000000000 0.0000000000
