899.0079379073 859.8742510273
899.8293104149 859.0146751472
900.1680307717 860.9857817506
900.9923977260 860.1230721472
