-893.4271909999 449.2135955000
895.4271909999 -445.2135955000
