999.4089093845 772.0350617442
999.4582817233 772.0294324963
1000.5170115846 781.9731980678
1000.5664112870 781.9678142330
