-894.4271909999 447.2135955000
894.4271909999 -447.2135955000
