168.0307716703 985.7817505776
170.6895851067 985.3248527953
992.0620927456 125.7489727080
992.3977260066 123.0721472024
