999.0000000000 0.0000000000
1000.9980000000 -0.0632139225
1000.9980000000 0.0632139225
