-1
-1
-1
-1
-1
-1
-1
-1
-1
-1
-1
-1
-1
-1
-1
-1
-1
-1
-1
-1
170816092
-1
-1
-1
-1
-1
-1
-1
-1
-1
-1
-1
-1
-1
-1
-1
-1
-1
139954311
16986782
-1
-1
-1
-1
-1
-1
48582408
-1
122078351
-1
-1
-1
-1
319042505
-1
-1
-1
41767454
-1
-1
252245358
-1
-1
-1
-1
99965467
-1
-1
-1
-1
-1
-1
-1
-1
-1
-1
-1
-1
-1
88458584
-1
-1
-1
156722802
-1
-1
-1
-1
-1
-1
17276010
-1
-1
-1
-1
-1
-1
-1
-1
-1
