-1
-1
-1
130090915
-1
-1
-1
-1
-1
-1
-1
-1
178900930
-1
-1
-1
262816580
-1
-1
-1
-1
131702274
-1
-1
-1
-1
-1
-1
-1
-1
-1
45967617
-1
-1
66146541
-1
-1
-1
-1
76948595
-1
-1
-1
-1
-1
-1
-1
-1
-1
-1
-1
-1
-1
-1
-1
-1
-1
-1
-1
104794987
-1
-1
-1
-1
-1
-1
-1
-1
-1
-1
-1
-1
-1
-1
-1
-1
-1
-1
-1
-1
-1
-1
-1
-1
-1
-1
-1
-1
-1
-1
-1
-1
-1
-1
-1
-1
-1
26311146
-1
-1
