486533240
-1
-1
-1
-1
-1
-1
-1
-1
-1
-1
109604413
-1
-1
-1
-1
-1
-1
-1
-1
-1
-1
-1
157344379
-1
-1
-1
-1
-1
-1
339865374
-1
-1
77839498
-1
-1
-1
-1
-1
-1
-1
-1
-1
-1
-1
3208642
-1
-1
-1
-1
-1
-1
-1
-1
-1
-1
-1
159327522
-1
175472984
-1
35751637
-1
-1
190658018
-1
-1
-1
-1
-1
-1
-1
-1
-1
-1
-1
-1
-1
-1
-1
-1
274947673
-1
-1
-1
-1
-1
-1
234927
-1
-1
-1
-1
-1
-1
-1
-1
-1
-1
-1
