-1
-1
-1
-1
187916490
-1
-1
-1
-1
-1
-1
-1
-1
-1
-1
-1
181605793
-1
-1
-1
-1
-1
-1
-1
-1
-1
-1
-1
81330980
-1
-1
-1
-1
42255026
-1
-1
-1
-1
-1
-1
-1
-1
-1
-1
-1
-1
1029396
-1
-1
-1
-1
-1
-1
701484598
-1
-1
-1
-1
-1
-1
-1
-1
-1
34155307
-1
-1
-1
-1
262520324
-1
