-1
-1
-1
-1
74988421
-1
-1
-1
-1
22512482
-1
-1
-1
3916597
12633090
-1
-1
-1
-1
-1
-1
-1
-1
-1
-1
-1
-1
-1
-1
-1
-1
-1
-1
-1
-1
-1
-1
-1
-1
-1
-1
-1
-1
-1
-1
-1
-1
-1
-1
-1
-1
-1
6104912
-1
-1
-1
17682731
-1
775817034
-1
55993738
-1
23900792
203139840
-1
-1
-1
5835698
-1
-1
-1
-1
-1
-1
-1
-1
-1
-1
-1
-1
-1
-1
-1
-1
1375103
-1
54099585
-1
