-1
40517383
-1
-1
-1
-1
-1
-1
-1
-1
-1
105143862
-1
-1
-1
-1
-1
-1
-1
-1
-1
-1
-1
-1
-1
-1
-1
-1
-1
-1
-1
-1
-1
-1
-1
-1
-1
-1
78720745
-1
-1
-1
-1
-1
-1
-1
-1
70438233
-1
-1
-1
-1
-1
