4.2400000000 3.3200000000
3.5600000000 2.0800000000
2.8800000000 0.8400000000
2.2000000000 -0.4000000000
1.5200000000 -1.6400000000
-1.2400000000 0.6800000000
-0.5600000000 1.9200000000
0.1200000000 3.1600000000
0.8000000000 4.4000000000
1.4800000000 5.6400000000
