-0.8823529412 -0.4705882353
0.9411764706 -1.7647058824
2.7647058824 -3.0588235294
4.5882352941 -4.3529411765
0.4117647059 1.3529411765
2.2352941176 0.0588235294
4.0588235294 -1.2352941176
5.8823529412 -2.5294117647
