pro0 21
pro85 849
pro56 3500
pro74 4650
pro83 9534
pro15 9823
pro61 10278
pro10 10718
pro71 11308
pro58 12105
pro53 12970
pro19 15290
pro29 15405
pro30 15415
pro82 17590
pro33 18011
pro51 18182
pro97 18548
pro26 20432
pro44 21389
pro84 22495
pro8 22632
pro9 22699
pro65 23136
pro3 23409
pro42 26721
pro86 27028
pro38 27419
pro75 28407
pro17 28708
pro60 29003
pro95 29244
pro96 29252
pro52 29637
pro12 29999
pro81 30486
pro89 30509
pro18 30676
pro41 30850
pro16 32504
pro48 32722
pro72 33458
pro32 34376
pro54 34502
pro46 35024
pro40 37749
pro50 38331
pro69 38422
pro77 38460
pro6 38709
pro70 38949
pro87 39009
pro4 39599
pro27 40659
pro31 41131
pro67 42194
pro28 42907
pro79 43114
pro68 43918
pro34 44173
pro55 44263
pro64 44304
pro35 44570
pro80 45100
pro98 45527
pro90 45833
pro49 46079
pro73 46795
pro94 46856
pro5 46887
pro14 46923
pro11 47195
pro43 47296
pro76 47376
pro57 47594
pro92 47923
pro2 47957
pro59 48091
pro63 48111
pro7 48184
pro88 48339
pro62 48500
pro91 48884
pro93 49226
pro78 49541
pro13 49715
pro22 49743
pro24 50022
pro39 50055
pro45 50172
pro21 50530
pro36 50641
pro47 50661
pro1 50685
pro20 50688
pro66 50721
pro37 50756
pro99 50820
pro23 50823
pro25 50834
