pro0 1
pro85 933
pro106 1155
pro186 2031
pro248 2705
pro375 4097
pro383 4179
pro427 4653
pro501 5457
pro616 6719
pro815 8907
pro848 9268
pro100 12008
pro119 12203
pro241 13530
pro270 13834
pro643 17876
pro840 20028
pro905 20727
pro909 20767
pro56 22371
pro300 24957
pro348 25484
pro410 26136
pro458 26650
pro759 29921
pro858 30968
pro975 32230
pro102 33582
pro459 37360
pro525 38070
pro538 38205
pro557 38408
pro585 38706
pro755 40547
pro791 40932
pro898 42060
pro959 42700
pro74 43927
pro174 44965
pro237 45646
pro288 46168
pro323 46533
pro328 46585
pro360 46920
pro415 47487
pro502 48392
pro670 50165
pro857 52151
pro889 52487
pro897 52569
pro922 52804
pro182 55533
pro185 55562
pro204 55750
pro454 58325
pro484 58626
pro569 59496
pro598 59803
pro698 60862
pro789 61839
pro794 61875
pro826 62206
pro863 62568
pro868 62617
pro279 66858
pro581 69947
pro613 70272
pro782 72059
pro803 72255
pro822 72446
pro865 72850
pro990 74117
pro145 75732
pro243 76723
pro262 76913
pro566 80006
pro735 81762
pro928 83622
pro83 85256
pro146 85878
pro193 86342
pro206 86471
pro312 87528
pro342 87836
pro347 87881
pro379 88194
pro521 89640
pro645 90873
pro679 91236
pro690 91354
pro705 91499
pro709 91542
pro726 91721
pro772 92193
pro837 92812
pro876 93155
pro887 93273
pro912 93493
pro15 94559
pro61 95049
pro103 95453
pro156 95986
pro160 96026
pro194 96342
pro271 97099
pro280 97185
pro718 101554
pro10 104380
pro71 105017
pro168 105942
pro233 106561
pro275 106942
pro429 108447
pro435 108512
pro479 108957
pro486 109013
pro778 111928
pro58 114640
pro196 115926
pro296 116872
pro343 117333
pro380 117677
pro540 119247
pro680 120655
pro734 121177
pro769 121521
pro884 122574
pro891 122624
pro944 123122
pro53 124247
pro130 124954
pro135 125007
pro171 125348
pro222 125803
pro310 126617
pro419 127653
pro610 129523
pro639 129817
pro980 133022
pro121 134384
pro218 135254
pro223 135294
pro236 135426
pro306 136053
pro531 138208
pro716 140003
pro724 140072
pro747 140287
pro807 140829
pro820 140958
pro872 141419
pro971 142344
pro29 142916
pro177 144285
pro249 144887
pro285 145207
pro338 145699
pro401 146285
pro445 146694
pro546 147662
pro667 148860
pro949 151395
pro19 152071
pro30 152175
pro234 154020
pro354 155044
pro543 156827
pro614 157502
pro704 158382
pro712 158441
pro844 159628
pro870 159842
pro936 160421
pro956 160617
pro82 161814
pro124 162181
pro161 162519
pro238 163154
pro242 163177
pro448 165029
pro480 165336
pro485 165377
pro507 165578
pro674 167172
pro682 167236
pro683 167247
pro765 167980
pro895 169088
pro33 170357
pro51 170548
pro97 170953
pro115 171107
pro122 171152
pro147 171363
pro405 173593
pro689 176201
pro723 176479
pro260 181131
pro290 181369
pro381 182176
pro412 182467
pro604 184236
pro612 184313
pro714 185205
pro827 186181
pro963 187351
pro105 188631
pro149 188986
pro153 189020
pro179 189229
pro225 189605
pro340 190552
pro363 190735
pro365 190747
pro377 190861
pro451 191507
pro621 193046
pro649 193315
pro780 194432
pro819 194778
pro903 195449
pro942 195802
pro26 196576
pro362 199325
pro482 200367
pro506 200572
pro523 200727
pro524 200731
pro553 200978
pro554 200985
pro571 201137
pro914 204033
pro916 204050
pro992 204738
pro44 205217
pro144 206061
pro442 208472
pro522 209156
pro625 210023
pro671 210458
pro713 210785
pro809 211594
pro930 212553
pro84 213910
pro207 214860
pro368 216160
pro636 218450
pro681 218828
pro831 220049
pro833 220069
pro853 220242
pro941 220927
pro3 221476
pro8 221524
pro9 221528
pro65 221994
pro228 223273
pro281 223662
pro510 225578
pro548 225881
pro577 226132
pro760 227653
pro762 227671
pro850 228368
pro851 228379
pro969 229309
pro131 230639
pro188 231062
pro370 232500
pro389 232642
pro601 234439
pro635 234718
pro675 235056
pro711 235327
pro775 235828
pro786 235913
pro877 236586
pro954 237194
pro991 237512
pro373 240507
pro574 242151
pro580 242203
pro606 242427
pro641 242700
pro661 242881
pro669 242951
pro752 243564
pro783 243778
pro813 244024
pro946 244998
pro339 248130
pro352 248216
pro461 249064
pro593 250145
pro691 250867
pro694 250891
pro746 251298
pro823 251850
pro852 252053
pro901 252401
pro982 253035
pro985 253063
pro996 253142
pro42 253521
pro86 253861
pro165 254472
pro295 255442
pro321 255668
pro418 256402
pro450 256670
pro757 259032
pro879 259874
pro937 260313
pro962 260491
pro997 260747
pro38 261069
pro252 262662
pro447 264195
pro587 265295
pro617 265509
pro814 266965
pro900 267532
pro966 268009
pro970 268040
pro75 268841
pro195 269711
pro382 271092
pro408 271328
pro578 272668
pro590 272747
pro632 273065
pro750 273920
pro763 273991
pro790 274175
pro806 274311
pro17 275742
pro60 276077
pro95 276342
pro96 276350
pro111 276440
pro325 278035
pro335 278124
pro602 280135
pro693 280770
pro771 281315
pro776 281342
pro12 282948
pro52 283260
pro537 286867
pro583 287188
pro729 288180
pro737 288245
pro811 288736
pro875 289151
pro952 289690
pro81 290608
pro89 290631
pro212 291502
pro259 291840
pro283 292007
pro336 292434
pro397 292837
pro406 292911
pro620 294501
pro707 295119
pro720 295176
pro768 295500
pro842 295953
pro18 297123
pro41 297300
pro163 298133
pro189 298301
pro230 298609
pro264 298821
pro387 299669
pro436 300044
pro761 302350
pro948 303544
pro986 303788
pro254 305589
pro438 306893
pro463 307051
pro488 307250
pro560 307817
pro575 307936
pro615 308170
pro785 309250
pro16 310755
pro151 311671
pro178 311849
pro258 312368
pro317 312797
pro364 313110
pro366 313114
pro388 313231
pro426 313524
pro836 316259
pro913 316734
pro934 316900
pro48 317628
pro72 317792
pro169 318424
pro180 318484
pro245 318895
pro315 319388
pro326 319457
pro350 319606
pro430 320104
pro534 320892
pro545 320967
pro572 321161
pro653 321669
pro874 323031
pro940 323463
pro951 323508
pro993 323767
pro141 324748
pro166 324884
pro181 324959
pro227 325278
pro291 325649
pro319 325859
pro422 326483
pro444 326634
pro603 327739
pro847 329247
pro976 330026
pro32 330377
pro54 330517
pro101 330813
pro533 333602
pro542 333655
pro561 333767
pro648 334300
pro660 334404
pro796 335186
pro890 335749
pro918 335910
pro994 336370
pro46 336692
pro117 337120
pro268 338026
pro286 338127
pro384 338708
pro407 338875
pro443 339097
pro483 339379
pro592 340094
pro678 340648
pro817 341449
pro924 342075
pro974 342370
pro232 343916
pro411 344958
pro626 346321
pro859 347706
pro911 348023
pro250 349986
pro265 350066
pro358 350657
pro404 350914
pro527 351719
pro556 351885
pro699 352724
pro741 352986
pro981 354322
pro190 355530
pro274 356020
pro305 356217
pro440 356981
pro504 357428
pro509 357457
pro512 357470
pro754 358916
pro798 359125
pro881 359581
pro978 360126
pro108 360860
pro157 361180
pro213 361479
pro256 361707
pro287 361855
pro456 362810
pro493 363082
pro497 363124
pro600 363725
pro715 364385
pro920 365507
pro972 365799
pro40 366174
pro50 366226
pro69 366332
pro120 366611
pro399 368152
pro475 368599
pro579 369201
pro634 369508
pro777 370313
pro824 370552
pro77 371908
pro139 372280
pro369 373508
pro6 377009
pro70 377354
pro87 377413
pro107 377517
pro371 378958
pro425 379245
pro466 379444
pro514 379758
pro520 379820
pro658 380576
pro696 380784
pro804 381361
pro878 381729
pro133 383054
pro191 383331
pro282 383819
pro289 383834
pro528 385160
pro532 385183
pro595 385513
pro725 386209
pro743 386340
pro744 386344
pro908 387159
pro4 387634
pro224 388791
pro278 389034
pro284 389035
pro468 389994
pro637 390900
pro646 390951
pro894 392236
pro27 392907
pro132 393433
pro276 394156
pro345 394513
pro665 396204
pro727 396485
pro825 396969
pro869 397220
pro906 397384
pro919 397437
pro927 397484
pro983 397758
pro31 397991
pro136 398505
pro420 399911
pro465 400136
pro700 401383
pro979 402711
pro110 403316
pro114 403342
pro129 403421
pro269 404095
pro324 404351
pro372 404575
pro423 404824
pro446 404934
pro599 405758
pro710 406328
pro839 406926
pro861 407029
pro925 407297
pro977 407561
pro995 407610
pro67 407963
pro390 409441
pro398 409513
pro434 409675
pro469 409816
pro562 410326
pro654 410782
pro662 410837
pro688 410975
pro893 411906
pro896 411909
pro945 412113
pro947 412122
pro28 412473
pro172 413114
pro272 413588
pro417 414254
pro702 415630
pro717 415672
pro721 415686
pro79 417251
pro140 417508
pro187 417715
pro201 417772
pro235 417961
pro257 418060
pro311 418273
pro385 418601
pro437 418824
pro489 419066
pro555 419429
pro611 419685
pro644 419842
pro708 420130
pro821 420624
pro68 421667
pro226 422363
pro376 422986
pro403 423097
pro478 423407
pro492 423452
pro526 423633
pro749 424616
pro787 424769
pro816 424921
pro931 425383
pro932 425389
pro34 425794
pro64 425942
pro116 426139
pro231 426667
pro307 426941
pro309 426953
pro393 427305
pro476 427647
pro549 427975
pro559 428029
pro651 428446
pro695 428648
pro921 429542
pro35 429980
pro55 430060
pro344 431256
pro631 432465
pro684 432683
pro828 433225
pro830 433239
pro217 434808
pro219 434811
pro470 435739
pro481 435804
pro516 435980
pro756 436956
pro758 436962
pro835 437256
pro866 437394
pro939 437650
pro80 438168
pro98 438242
pro109 438274
pro197 438611
pro240 438805
pro246 438822
pro302 439013
pro333 439169
pro462 439629
pro647 440413
pro938 441496
pro90 442030
pro155 442292
pro474 443470
pro508 443609
pro728 444455
pro829 444860
pro950 445278
pro49 445679
pro137 445951
pro159 446043
pro203 446200
pro221 446308
pro351 446741
pro490 447204
pro494 447216
pro498 447248
pro570 447549
pro573 447555
pro740 448203
pro781 448345
pro973 449031
pro987 449050
pro94 449444
pro183 449731
pro349 450325
pro464 450711
pro563 451059
pro642 451392
pro5 452632
pro73 452866
pro209 453308
pro253 453431
pro263 453463
pro297 453549
pro304 453596
pro353 453773
pro511 454301
pro584 454559
pro731 455092
pro732 455100
pro738 455133
pro917 455773
pro11 456045
pro14 456058
pro43 456164
pro152 456490
pro208 456668
pro298 456894
pro535 457698
pro628 458058
pro686 458279
pro766 458481
pro867 458863
pro984 459205
pro988 459210
pro76 459468
pro148 459683
pro192 459813
pro239 459948
pro277 460041
pro293 460057
pro337 460246
pro431 460525
pro496 460726
pro619 461147
pro655 461269
pro793 461696
pro846 461885
pro888 462042
pro933 462163
pro998 462316
pro57 462494
pro138 462715
pro176 462842
pro198 462860
pro205 462898
pro247 462989
pro266 463029
pro313 463124
pro424 463501
pro455 463592
pro477 463665
pro529 463800
pro812 464755
pro892 464990
pro957 465139
pro2 465256
pro59 465406
pro92 465474
pro150 465638
pro215 465808
pro220 465820
pro316 465981
pro357 466125
pro400 466257
pro487 466483
pro605 466867
pro767 467365
pro788 467428
pro862 467673
pro7 468019
pro63 468164
pro88 468193
pro126 468295
pro127 468298
pro216 468516
pro299 468619
pro318 468665
pro341 468759
pro367 468821
pro467 469095
pro591 469468
pro672 469753
pro773 470012
pro62 470762
pro214 471083
pro322 471246
pro330 471277
pro356 471339
pro392 471406
pro396 471433
pro582 471931
pro730 472373
pro784 472509
pro800 472561
pro907 472874
pro244 473552
pro500 474097
pro544 474224
pro552 474265
pro594 474366
pro692 474694
pro736 474780
pro838 475027
pro91 475602
pro164 475774
pro229 475891
pro378 476135
pro499 476421
pro633 476811
pro703 477014
pro845 477325
pro904 477500
pro93 477873
pro416 478468
pro449 478539
pro568 478842
pro666 479126
pro685 479181
pro739 479261
pro805 479437
pro864 479580
pro202 480281
pro292 480366
pro329 480448
pro334 480477
pro386 480534
pro586 480988
pro608 481051
pro706 481322
pro774 481438
pro799 481491
pro832 481555
pro915 481758
pro78 482099
pro112 482122
pro301 482412
pro550 482926
pro565 482966
pro630 483128
pro676 483253
pro801 483461
pro818 483498
pro843 483523
pro882 483620
pro134 484099
pro503 484701
pro518 484752
pro539 484786
pro551 484813
pro810 485339
pro873 485436
pro13 485708
pro267 486105
pro359 486232
pro421 486338
pro441 486387
pro558 486588
pro657 486813
pro751 486988
pro802 487069
pro886 487211
pro955 487313
pro22 487446
pro113 487568
pro413 487998
pro472 488114
pro596 488311
pro622 488363
pro624 488381
pro656 488450
pro687 488520
pro860 488769
pro958 488918
pro989 488993
pro24 489059
pro39 489097
pro173 489276
pro395 489542
pro432 489597
pro471 489672
pro505 489706
pro597 489860
pro664 490001
pro961 490435
pro45 490575
pro184 490757
pro211 490795
pro251 490797
pro414 491014
pro491 491106
pro547 491199
pro588 491239
pro764 491525
pro792 491554
pro968 491845
pro154 492051
pro346 492270
pro409 492340
pro609 492576
pro650 492652
pro652 492658
pro659 492667
pro697 492719
pro701 492728
pro855 492907
pro883 492944
pro923 492999
pro967 493092
pro142 493271
pro158 493292
pro327 493463
pro394 493535
pro460 493619
pro515 493655
pro564 493717
pro673 493858
pro849 494027
pro854 494032
pro902 494088
pro926 494104
pro167 494383
pro273 494469
pro374 494579
pro391 494584
pro452 494630
pro457 494645
pro722 494888
pro779 494959
pro795 494969
pro856 495018
pro899 495056
pro943 495093
pro21 495175
pro36 495205
pro123 495272
pro128 495284
pro314 495421
pro439 495513
pro513 495556
pro519 495574
pro668 495738
pro748 495798
pro770 495815
pro808 495836
pro929 495907
pro935 495909
pro999 495957
pro1 495967
pro20 495976
pro47 496015
pro66 496024
pro118 496054
pro175 496099
pro255 496139
pro294 496152
pro303 496153
pro473 496273
pro753 496515
pro37 496668
pro320 496791
pro361 496833
pro536 496912
pro589 496949
pro663 497032
pro719 497051
pro910 497157
pro953 497166
pro964 497182
pro162 497266
pro210 497302
pro261 497311
pro355 497348
pro402 497351
pro618 497464
pro638 497506
pro742 497550
pro99 497678
pro517 497822
pro541 497841
pro567 497851
pro797 497955
pro841 497968
pro23 498028
pro104 498040
pro200 498091
pro308 498102
pro332 498124
pro433 498143
pro530 498174
pro576 498183
pro607 498186
pro629 498215
pro733 498247
pro745 498255
pro834 498258
pro871 498267
pro25 498313
pro143 498334
pro495 498390
pro627 498407
pro640 498412
pro885 498436
pro960 498439
pro125 498456
pro170 498463
pro199 498467
pro331 498475
pro428 498478
pro453 498482
pro623 498483
pro677 498486
pro880 498494
pro965 498503
