pro0 1
pro85 1283
pro56 3141
pro74 5298
pro83 9389
pro61 9914
pro15 10261
pro10 11529
pro71 11929
pro58 12483
pro53 13087
pro29 15415
pro19 15963
pro30 16028
pro82 17550
pro33 17846
pro51 17967
pro97 18226
pro26 20123
pro44 21361
pro84 22692
pro8 22837
pro9 22842
pro65 23141
pro3 23348
pro42 26702
pro86 26918
pro38 27194
pro75 28390
pro17 28595
pro60 28811
pro95 28981
pro96 29459
pro52 29727
pro12 29988
pro81 30324
pro89 30341
pro41 30586
pro18 30904
pro16 32607
pro48 32753
pro72 33271
pro54 34411
pro32 34720
pro46 34781
pro40 37842
pro50 38250
pro69 38314
pro77 38700
pro6 38817
pro70 39040
pro87 39081
pro4 39828
pro27 40896
pro31 40909
pro67 41972
pro28 42782
pro79 43225
pro68 43790
pro64 44068
pro34 44252
pro55 44315
pro35 44531
pro80 45160
pro98 45460
pro90 45916
pro49 46088
pro94 46639
pro73 46817
pro5 46881
pro14 46908
pro11 47102
pro43 47176
pro76 47420
pro57 47574
pro92 47977
pro2 48000
pro59 48093
pro7 48160
pro63 48252
pro88 48272
pro62 48389
pro91 48788
pro93 49149
pro78 49484
pro13 49712
pro22 49825
pro39 50044
pro24 50101
pro45 50201
pro21 50587
pro36 50605
pro47 50674
pro1 50691
pro20 50693
pro66 50716
pro37 50744
pro99 50812
pro23 50819
pro25 50834
