pro0 1
pro3 1566
pro4 2096
pro6 3256
pro8 4164
pro9 4421
pro10 4541
pro12 5544
pro15 6955
pro16 7349
pro17 7680
pro18 8047
pro19 8217
pro26 12347
pro27 12897
pro28 13490
pro29 13655
pro30 13825
pro31 14377
pro32 14805
pro33 14996
pro34 15621
pro35 16257
pro38 17870
pro40 19006
pro41 19370
pro42 19672
pro44 20560
pro46 21643
pro48 22692
pro50 23835
pro51 24026
pro52 24371
pro53 24506
pro54 24932
pro55 25562
pro56 25593
pro58 26371
pro60 27357
pro61 27462
pro64 29385
pro65 29642
pro67 30866
pro68 31480
pro69 31971
pro70 32481
pro71 32601
pro72 33007
pro74 33708
pro75 34036
pro77 35185
pro79 36433
pro80 37083
pro81 37440
pro82 37625
pro83 37719
pro84 37965
pro85 37973
pro86 38280
pro87 38790
pro89 39794
pro95 43380
pro96 43718
pro97 43914
pro1 45499
pro2 45592
pro5 45642
pro7 45744
pro11 45805
pro13 45998
pro14 46053
pro20 46335
pro21 46602
pro22 46799
pro23 47121
pro24 47339
pro25 47669
pro36 47939
pro37 48233
pro39 48445
pro43 48505
pro45 48731
pro47 49010
pro49 49035
pro57 49112
pro59 49205
pro62 49315
pro63 49414
pro66 49696
pro73 49741
pro76 49810
pro78 49984
pro88 50088
pro90 50103
pro91 50236
pro92 50324
pro93 50475
pro94 50515
pro98 50521
pro99 50834
